Archive member included to satisfy reference by file (symbol)

d:/imt/arm/tools/drive-download-20230213t231239z-001/03- imt sdk/03- imt sdk/imt_sdk_win_64/imt_sdk_win_64/winarm/armgcc/bin/../lib/gcc/arm-none-eabi/7.2.1/../../../../arm-none-eabi/lib/thumb/v7e-m\libg_nano.a(lib_a-errno.o)
                              ./system/src/newlib/_sbrk.o (__errno)
d:/imt/arm/tools/drive-download-20230213t231239z-001/03- imt sdk/03- imt sdk/imt_sdk_win_64/imt_sdk_win_64/winarm/armgcc/bin/../lib/gcc/arm-none-eabi/7.2.1/../../../../arm-none-eabi/lib/thumb/v7e-m\libg_nano.a(lib_a-impure.o)
                              d:/imt/arm/tools/drive-download-20230213t231239z-001/03- imt sdk/03- imt sdk/imt_sdk_win_64/imt_sdk_win_64/winarm/armgcc/bin/../lib/gcc/arm-none-eabi/7.2.1/../../../../arm-none-eabi/lib/thumb/v7e-m\libg_nano.a(lib_a-errno.o) (_impure_ptr)
d:/imt/arm/tools/drive-download-20230213t231239z-001/03- imt sdk/03- imt sdk/imt_sdk_win_64/imt_sdk_win_64/winarm/armgcc/bin/../lib/gcc/arm-none-eabi/7.2.1/../../../../arm-none-eabi/lib/thumb/v7e-m\libg_nano.a(lib_a-strlen.o)
                              ./system/src/diag/Trace.o (strlen)
d:/imt/arm/tools/drive-download-20230213t231239z-001/03- imt sdk/03- imt sdk/imt_sdk_win_64/imt_sdk_win_64/winarm/armgcc/bin/../lib/gcc/arm-none-eabi/7.2.1/../../../../arm-none-eabi/lib/thumb/v7e-m\libg_nano.a(lib_a-vsnprintf.o)
                              ./system/src/diag/Trace.o (vsnprintf)
d:/imt/arm/tools/drive-download-20230213t231239z-001/03- imt sdk/03- imt sdk/imt_sdk_win_64/imt_sdk_win_64/winarm/armgcc/bin/../lib/gcc/arm-none-eabi/7.2.1/../../../../arm-none-eabi/lib/thumb/v7e-m\libg_nano.a(lib_a-nano-svfprintf.o)
                              d:/imt/arm/tools/drive-download-20230213t231239z-001/03- imt sdk/03- imt sdk/imt_sdk_win_64/imt_sdk_win_64/winarm/armgcc/bin/../lib/gcc/arm-none-eabi/7.2.1/../../../../arm-none-eabi/lib/thumb/v7e-m\libg_nano.a(lib_a-vsnprintf.o) (_svfprintf_r)
d:/imt/arm/tools/drive-download-20230213t231239z-001/03- imt sdk/03- imt sdk/imt_sdk_win_64/imt_sdk_win_64/winarm/armgcc/bin/../lib/gcc/arm-none-eabi/7.2.1/../../../../arm-none-eabi/lib/thumb/v7e-m\libg_nano.a(lib_a-nano-vfprintf_i.o)
                              d:/imt/arm/tools/drive-download-20230213t231239z-001/03- imt sdk/03- imt sdk/imt_sdk_win_64/imt_sdk_win_64/winarm/armgcc/bin/../lib/gcc/arm-none-eabi/7.2.1/../../../../arm-none-eabi/lib/thumb/v7e-m\libg_nano.a(lib_a-nano-svfprintf.o) (_printf_i)
d:/imt/arm/tools/drive-download-20230213t231239z-001/03- imt sdk/03- imt sdk/imt_sdk_win_64/imt_sdk_win_64/winarm/armgcc/bin/../lib/gcc/arm-none-eabi/7.2.1/../../../../arm-none-eabi/lib/thumb/v7e-m\libg_nano.a(lib_a-memchr.o)
                              d:/imt/arm/tools/drive-download-20230213t231239z-001/03- imt sdk/03- imt sdk/imt_sdk_win_64/imt_sdk_win_64/winarm/armgcc/bin/../lib/gcc/arm-none-eabi/7.2.1/../../../../arm-none-eabi/lib/thumb/v7e-m\libg_nano.a(lib_a-nano-svfprintf.o) (memchr)
d:/imt/arm/tools/drive-download-20230213t231239z-001/03- imt sdk/03- imt sdk/imt_sdk_win_64/imt_sdk_win_64/winarm/armgcc/bin/../lib/gcc/arm-none-eabi/7.2.1/../../../../arm-none-eabi/lib/thumb/v7e-m\libg_nano.a(lib_a-memcpy-stub.o)
                              d:/imt/arm/tools/drive-download-20230213t231239z-001/03- imt sdk/03- imt sdk/imt_sdk_win_64/imt_sdk_win_64/winarm/armgcc/bin/../lib/gcc/arm-none-eabi/7.2.1/../../../../arm-none-eabi/lib/thumb/v7e-m\libg_nano.a(lib_a-nano-svfprintf.o) (memcpy)
d:/imt/arm/tools/drive-download-20230213t231239z-001/03- imt sdk/03- imt sdk/imt_sdk_win_64/imt_sdk_win_64/winarm/armgcc/bin/../lib/gcc/arm-none-eabi/7.2.1/../../../../arm-none-eabi/lib/thumb/v7e-m\libg_nano.a(lib_a-memmove.o)
                              d:/imt/arm/tools/drive-download-20230213t231239z-001/03- imt sdk/03- imt sdk/imt_sdk_win_64/imt_sdk_win_64/winarm/armgcc/bin/../lib/gcc/arm-none-eabi/7.2.1/../../../../arm-none-eabi/lib/thumb/v7e-m\libg_nano.a(lib_a-nano-svfprintf.o) (memmove)
d:/imt/arm/tools/drive-download-20230213t231239z-001/03- imt sdk/03- imt sdk/imt_sdk_win_64/imt_sdk_win_64/winarm/armgcc/bin/../lib/gcc/arm-none-eabi/7.2.1/../../../../arm-none-eabi/lib/thumb/v7e-m\libg_nano.a(lib_a-nano-freer.o)
                              d:/imt/arm/tools/drive-download-20230213t231239z-001/03- imt sdk/03- imt sdk/imt_sdk_win_64/imt_sdk_win_64/winarm/armgcc/bin/../lib/gcc/arm-none-eabi/7.2.1/../../../../arm-none-eabi/lib/thumb/v7e-m\libg_nano.a(lib_a-nano-svfprintf.o) (_free_r)
d:/imt/arm/tools/drive-download-20230213t231239z-001/03- imt sdk/03- imt sdk/imt_sdk_win_64/imt_sdk_win_64/winarm/armgcc/bin/../lib/gcc/arm-none-eabi/7.2.1/../../../../arm-none-eabi/lib/thumb/v7e-m\libg_nano.a(lib_a-nano-mallocr.o)
                              d:/imt/arm/tools/drive-download-20230213t231239z-001/03- imt sdk/03- imt sdk/imt_sdk_win_64/imt_sdk_win_64/winarm/armgcc/bin/../lib/gcc/arm-none-eabi/7.2.1/../../../../arm-none-eabi/lib/thumb/v7e-m\libg_nano.a(lib_a-nano-svfprintf.o) (_malloc_r)
[...]
Memory Configuration

Name             Origin             Length             Attributes
RAM              0x20000000         0x00010000         xrw
CCMRAM           0x10000000         0x00000000         xrw
FLASH            0x08000000         0x00004000         xr
FLASHB1          0x00000000         0x00000000         xr
EXTMEMB0         0x00000000         0x00000000         xr
EXTMEMB1         0x00000000         0x00000000         xr
EXTMEMB2         0x00000000         0x00000000         xr
EXTMEMB3         0x00000000         0x00000000         xr
*default*        0x00000000         0xffffffff

Linker script and memory map

LOAD ./system/src/stm32f4-hal/stm32f4xx_hal.o
LOAD ./system/src/stm32f4-hal/stm32f4xx_hal_cortex.o
LOAD ./system/src/stm32f4-hal/stm32f4xx_hal_dfsdm.o
LOAD ./system/src/stm32f4-hal/stm32f4xx_hal_flash.o
LOAD ./system/src/stm32f4-hal/stm32f4xx_hal_gpio.o
LOAD ./system/src/stm32f4-hal/stm32f4xx_hal_iwdg.o
LOAD ./system/src/stm32f4-hal/stm32f4xx_hal_pwr.o
LOAD ./system/src/stm32f4-hal/stm32f4xx_hal_rcc.o
LOAD ./system/src/newlib/_cxx.o
LOAD ./system/src/newlib/_exit.o
LOAD ./system/src/newlib/_sbrk.o
LOAD ./system/src/newlib/_startup.o
LOAD ./system/src/newlib/_syscalls.o
LOAD ./system/src/newlib/assert.o
LOAD ./system/src/diag/Trace.o
LOAD ./system/src/diag/trace_impl.o
LOAD ./system/src/cortexm/_initialize_hardware.o
LOAD ./system/src/cortexm/_reset_hardware.o
LOAD ./system/src/cortexm/exception_handlers.o
LOAD ./system/src/cmsis/system_stm32f4xx.o
LOAD ./system/src/cmsis/vectors_stm32f401xc.o
LOAD ./src/MCAL/STK/MSTK_Program.o
LOAD ./src/MCAL/SPI/MSPI_Program.o
LOAD ./src/MCAL/NVIC/MNVIC_Program.o
LOAD ./src/MCAL/MUSART/MUSART_Program.o
LOAD ./src/MCAL/MRCC/MRCC_Program.o
LOAD ./src/MCAL/EXTI/MEXTI_Program.o
LOAD ./src/MCAL/DMA/MDMA_Program .o
LOAD ./src/MCAL/DIO/MGPIO_Program.o
LOAD ./src/MCAL/BootLoader/APARSER_Program.o
LOAD ./src/MCAL/BootLoader/MFDI_Program.o
LOAD ./src/HAL/LED_Matrix/HLED_MATRIX_Program.o
LOAD ./src/HAL/IR/IR_program.o
LOAD ./src/HAL/HESP/ESP_program.o
LOAD ./src/APP/FOTA.o
LOAD ./src/APP/FOTA_program.o
LOAD ./src/APP/IR.o
LOAD d:/imt/arm/tools/drive-download-20230213t231239z-001/03- imt sdk/03- imt sdk/imt_sdk_win_64/imt_sdk_win_64/winarm/armgcc/bin/../lib/gcc/arm-none-eabi/7.2.1/../../../../arm-none-eabi/lib/thumb/v7e-m\libstdc++_nano.a
LOAD d:/imt/arm/tools/drive-download-20230213t231239z-001/03- imt sdk/03- imt sdk/imt_sdk_win_64/imt_sdk_win_64/winarm/armgcc/bin/../lib/gcc/arm-none-eabi/7.2.1/../../../../arm-none-eabi/lib/thumb/v7e-m\libm.a
START GROUP
LOAD d:/imt/arm/tools/drive-download-20230213t231239z-001/03- imt sdk/03- imt sdk/imt_sdk_win_64/imt_sdk_win_64/winarm/armgcc/bin/../lib/gcc/arm-none-eabi/7.2.1/thumb/v7e-m\libgcc.a
LOAD d:/imt/arm/tools/drive-download-20230213t231239z-001/03- imt sdk/03- imt sdk/imt_sdk_win_64/imt_sdk_win_64/winarm/armgcc/bin/../lib/gcc/arm-none-eabi/7.2.1/../../../../arm-none-eabi/lib/thumb/v7e-m\libg_nano.a
LOAD d:/imt/arm/tools/drive-download-20230213t231239z-001/03- imt sdk/03- imt sdk/imt_sdk_win_64/imt_sdk_win_64/winarm/armgcc/bin/../lib/gcc/arm-none-eabi/7.2.1/../../../../arm-none-eabi/lib/thumb/v7e-m\libc_nano.a
END GROUP
START GROUP
LOAD d:/imt/arm/tools/drive-download-20230213t231239z-001/03- imt sdk/03- imt sdk/imt_sdk_win_64/imt_sdk_win_64/winarm/armgcc/bin/../lib/gcc/arm-none-eabi/7.2.1/thumb/v7e-m\libgcc.a
LOAD d:/imt/arm/tools/drive-download-20230213t231239z-001/03- imt sdk/03- imt sdk/imt_sdk_win_64/imt_sdk_win_64/winarm/armgcc/bin/../lib/gcc/arm-none-eabi/7.2.1/../../../../arm-none-eabi/lib/thumb/v7e-m\libc_nano.a
END GROUP
                0x20010000                __stack = (ORIGIN (RAM) + LENGTH (RAM))
                0x20010000                _estack = __stack
                0x00000400                __Main_Stack_Size = 0x400
                [!provide]                PROVIDE (_Main_Stack_Size, __Main_Stack_Size)
                0x2000fc00                __Main_Stack_Limit = (__stack - __Main_Stack_Size)
                [!provide]                PROVIDE (_Main_Stack_Limit, __Main_Stack_Limit)
                0x00000100                _Minimum_Stack_Size = 0x100
                0x2000772c                PROVIDE (_Heap_Begin, _end_noinit)
                0x2000fc00                PROVIDE (_Heap_Limit, (__stack - __Main_Stack_Size))

.isr_vector     0x08000000      0x3f4
 FILL mask 0xff
                0x08000000                __vectors_start = ABSOLUTE (.)
                0x08000000                __vectors_start__ = ABSOLUTE (.)
 *(.isr_vector)
 .isr_vector    0x08000000      0x194 ./system/src/cmsis/vectors_stm32f401xc.o
                0x08000000                __isr_vectors
 *(.cfmconfig)
 *(.after_vectors .after_vectors.*)
 .after_vectors
                0x08000194      0x130 ./system/src/newlib/_startup.o
                0x08000194                _start
 .after_vectors
                0x080002c4      0x12c ./system/src/cortexm/exception_handlers.o
                0x080002c4                Reset_Handler
                0x080002ca                NMI_Handler
                0x080002ce                HardFault_Handler
                0x080002e2                HardFault_Handler_C
                0x08000340                MemManage_Handler
                0x08000344                BusFault_Handler
                0x08000358                BusFault_Handler_C
                0x0800038c                UsageFault_Handler
                0x080003a0                UsageFault_Handler_C
                0x080003d4                SVC_Handler
                0x080003d8                DebugMon_Handler
                0x080003dc                PendSV_Handler
 .after_vectors
                0x080003f0        0x4 ./system/src/cmsis/vectors_stm32f401xc.o
                0x080003f0                RTC_Alarm_IRQHandler
                0x080003f0                EXTI2_IRQHandler
                0x080003f0                SPI4_IRQHandler
                0x080003f0                TIM1_CC_IRQHandler
                0x080003f0                DMA2_Stream5_IRQHandler
                0x080003f0                DMA1_Stream5_IRQHandler
                0x080003f0                PVD_IRQHandler
                0x080003f0                SDIO_IRQHandler
                0x080003f0                TAMP_STAMP_IRQHandler
                0x080003f0                EXTI3_IRQHandler
                0x080003f0                TIM1_UP_TIM10_IRQHandler
                0x080003f0                I2C3_ER_IRQHandler
                0x080003f0                I2C2_EV_IRQHandler
                0x080003f0                DMA1_Stream2_IRQHandler
                0x080003f0                FPU_IRQHandler
                0x080003f0                DMA2_Stream2_IRQHandler
                0x080003f0                TIM1_BRK_TIM9_IRQHandler
                0x080003f0                DMA2_Stream3_IRQHandler
                0x080003f0                USART6_IRQHandler
                0x080003f0                DMA2_Stream0_IRQHandler
                0x080003f0                TIM4_IRQHandler
                0x080003f0                I2C1_EV_IRQHandler
                0x080003f0                DMA1_Stream6_IRQHandler
                0x080003f0                DMA1_Stream1_IRQHandler
                0x080003f0                TIM3_IRQHandler
                0x080003f0                RCC_IRQHandler
                0x080003f0                Default_Handler
                0x080003f0                EXTI15_10_IRQHandler
                0x080003f0                ADC_IRQHandler
                0x080003f0                DMA1_Stream7_IRQHandler
                0x080003f0                TIM5_IRQHandler
                0x080003f0                DMA2_Stream7_IRQHandler
                0x080003f0                I2C3_EV_IRQHandler
                0x080003f0                EXTI9_5_IRQHandler
                0x080003f0                RTC_WKUP_IRQHandler
                0x080003f0                SPI2_IRQHandler
                0x080003f0                DMA1_Stream0_IRQHandler
                0x080003f0                EXTI4_IRQHandler
                0x080003f0                WWDG_IRQHandler
                0x080003f0                TIM2_IRQHandler
                0x080003f0                OTG_FS_WKUP_IRQHandler
                0x080003f0                TIM1_TRG_COM_TIM11_IRQHandler
                0x080003f0                USART2_IRQHandler
                0x080003f0                I2C2_ER_IRQHandler
                0x080003f0                DMA2_Stream1_IRQHandler
                0x080003f0                FLASH_IRQHandler
                0x080003f0                DMA2_Stream4_IRQHandler
                0x080003f0                OTG_FS_IRQHandler
                0x080003f0                SPI3_IRQHandler
                0x080003f0                DMA1_Stream4_IRQHandler
                0x080003f0                I2C1_ER_IRQHandler
                0x080003f0                DMA2_Stream6_IRQHandler
                0x080003f0                DMA1_Stream3_IRQHandler

.inits          0x080003f4       0x28
                0x080003f4                __data_regions_array_start = .
                0x080003f4        0x4 LONG 0x8001a3c LOADADDR (.data)
                0x080003f8        0x4 LONG 0x20000000 ADDR (.data)
                0x080003fc        0x4 LONG 0x20000078 (ADDR (.data) + SIZEOF (.data))
                0x08000400        0x4 LONG 0x8001a3c LOADADDR (.data_CCMRAM)
                0x08000404        0x4 LONG 0x10000000 ADDR (.data_CCMRAM)
                0x08000408        0x4 LONG 0x10000000 (ADDR (.data_CCMRAM) + SIZEOF (.data_CCMRAM))
                0x0800040c                __data_regions_array_end = .
                0x0800040c                __bss_regions_array_start = .
                0x0800040c        0x4 LONG 0x20000078 ADDR (.bss)
                0x08000410        0x4 LONG 0x2000772c (ADDR (.bss) + SIZEOF (.bss))
                0x08000414        0x4 LONG 0x10000000 ADDR (.bss_CCMRAM)
                0x08000418        0x4 LONG 0x10000000 (ADDR (.bss_CCMRAM) + SIZEOF (.bss_CCMRAM))
                0x0800041c                __bss_regions_array_end = .
 *(.init)
 *(.fini)
                0x0800041c                . = ALIGN (0x4)
                0x0800041c                PROVIDE (__preinit_array_start, .)
 *(.preinit_array_sysinit .preinit_array_sysinit.*)
 *(.preinit_array_platform .preinit_array_platform.*)
 *(.preinit_array .preinit_array.*)
                0x0800041c                PROVIDE (__preinit_array_end, .)
                0x0800041c                . = ALIGN (0x4)
                0x0800041c                PROVIDE (__init_array_start, .)
 *(SORT_BY_NAME(.init_array.*))
 *(.init_array)
                0x0800041c                PROVIDE (__init_array_end, .)
                0x0800041c                . = ALIGN (0x4)
                0x0800041c                PROVIDE (__fini_array_start, .)
 *(SORT_BY_NAME(.fini_array.*))
 *(.fini_array)
                0x0800041c                PROVIDE (__fini_array_end, .)

.flashtext
 *(.flashtext .flashtext.*)

.text           0x08000420     0x161b
 *(.text .text.*)
 .text._exit    0x08000420        0x2 ./system/src/newlib/_exit.o
                0x08000420                _exit
 *fill*         0x08000422        0x2 
 .text._sbrk    0x08000424       0x44 ./system/src/newlib/_sbrk.o
                0x08000424                _sbrk
 .text.__initialize_args
                0x08000468       0x10 ./system/src/newlib/_syscalls.o
                0x08000468                __initialize_args
 .text.trace_printf
                0x08000478       0x30 ./system/src/diag/Trace.o
                0x08000478                trace_printf
 .text._trace_write_semihosting_debug
                0x080004a8       0x60 ./system/src/diag/trace_impl.o
 .text.trace_write
                0x08000508        0x8 ./system/src/diag/trace_impl.o
                0x08000508                trace_write
 .text.__initialize_hardware_early
                0x08000510       0x18 ./system/src/cortexm/_initialize_hardware.o
                0x08000510                __initialize_hardware_early
 .text.__initialize_hardware
                0x08000528        0x8 ./system/src/cortexm/_initialize_hardware.o
                0x08000528                __initialize_hardware
 .text.dumpExceptionStack
                0x08000530       0xf4 ./system/src/cortexm/exception_handlers.o
                0x08000530                dumpExceptionStack
 .text.isSemihosting
                0x08000624       0x20 ./system/src/cortexm/exception_handlers.o
                0x08000624                isSemihosting
 .text.SystemInit
                0x08000644       0x40 ./system/src/cmsis/system_stm32f4xx.o
                0x08000644                SystemInit
 .text.SystemCoreClockUpdate
                0x08000684       0xa0 ./system/src/cmsis/system_stm32f4xx.o
                0x08000684                SystemCoreClockUpdate
 .text.MSTK_voidInit
                0x08000724        0xc ./src/MCAL/STK/MSTK_Program.o
                0x08000724                MSTK_voidInit
 .text.MSTK_voidStart
                0x08000730       0x18 ./src/MCAL/STK/MSTK_Program.o
                0x08000730                MSTK_voidStart
 .text.MSTK_u8ReadFlag
                0x08000748       0x10 ./src/MCAL/STK/MSTK_Program.o
                0x08000748                MSTK_u8ReadFlag
 .text.MSTK_voidCtrlIntState
                0x08000758       0x18 ./src/MCAL/STK/MSTK_Program.o
                0x08000758                MSTK_voidCtrlIntState
 .text.MSTK_voidDelayMs
                0x08000770       0x24 ./src/MCAL/STK/MSTK_Program.o
                0x08000770                MSTK_voidDelayMs
 .text.SysTick_Handler
                0x08000794       0x24 ./src/MCAL/STK/MSTK_Program.o
                0x08000794                SysTick_Handler
 .text.MSTK_voidSetIntervalSingle
                0x080007b8       0x2c ./src/MCAL/STK/MSTK_Program.o
                0x080007b8                MSTK_voidSetIntervalSingle
 .text.SPI1_IRQHandler
                0x080007e4       0x10 ./src/MCAL/SPI/MSPI_Program.o
                0x080007e4                SPI1_IRQHandler
 .text.MNVIC_voidEnableInterrupt
                0x080007f4       0x18 ./src/MCAL/NVIC/MNVIC_Program.o
                0x080007f4                MNVIC_voidEnableInterrupt
 .text.MNVIC_voidSetInterruptPriority
                0x0800080c       0x40 ./src/MCAL/NVIC/MNVIC_Program.o
                0x0800080c                MNVIC_voidSetInterruptPriority
 .text.MNVIC_voidSetInterruptGroupMode
                0x0800084c       0x1c ./src/MCAL/NVIC/MNVIC_Program.o
                0x0800084c                MNVIC_voidSetInterruptGroupMode
 .text.MUSART_voidInit
                0x08000868       0x4c ./src/MCAL/MUSART/MUSART_Program.o
                0x08000868                MUSART_voidInit
 .text.MUSART_voidSendData
                0x080008b4       0x2c ./src/MCAL/MUSART/MUSART_Program.o
                0x080008b4                MUSART_voidSendData
 .text.MUSART_voidSendString
                0x080008e0       0x24 ./src/MCAL/MUSART/MUSART_Program.o
                0x080008e0                MUSART_voidSendString
 .text.MUSART_u8ReadDataAsynch
                0x08000904        0xc ./src/MCAL/MUSART/MUSART_Program.o
                0x08000904                MUSART_u8ReadDataAsynch
 .text.MUSART_voidEnable
                0x08000910       0x10 ./src/MCAL/MUSART/MUSART_Program.o
                0x08000910                MUSART_voidEnable
 .text.MUSART_voidCallBack
                0x08000920        0xc ./src/MCAL/MUSART/MUSART_Program.o
                0x08000920                MUSART_voidCallBack
 .text.USART1_IRQHandler
                0x0800092c       0x18 ./src/MCAL/MUSART/MUSART_Program.o
                0x0800092c                USART1_IRQHandler
 .text.MRCC_voidEnablePeripheralClock
                0x08000944       0x48 ./src/MCAL/MRCC/MRCC_Program.o
                0x08000944                MRCC_voidEnablePeripheralClock
 .text.MRCC_voidInitSystemClk
                0x0800098c       0x28 ./src/MCAL/MRCC/MRCC_Program.o
                0x0800098c                MRCC_voidInitSystemClk
 .text.EXTI0_IRQHandler
                0x080009b4       0x1c ./src/MCAL/EXTI/MEXTI_Program.o
                0x080009b4                EXTI0_IRQHandler
 .text.EXTI1_IRQHandler
                0x080009d0       0x1c ./src/MCAL/EXTI/MEXTI_Program.o
                0x080009d0                EXTI1_IRQHandler
 .text.MGPIO_u8SetPinMode
                0x080009ec       0x5c ./src/MCAL/DIO/MGPIO_Program.o
                0x080009ec                MGPIO_u8SetPinMode
 .text.MGPIO_u8SetOutputType
                0x08000a48       0x5c ./src/MCAL/DIO/MGPIO_Program.o
                0x08000a48                MGPIO_u8SetOutputType
 .text.MGPIO_u8SetOutputSpeed
                0x08000aa4       0x5c ./src/MCAL/DIO/MGPIO_Program.o
                0x08000aa4                MGPIO_u8SetOutputSpeed
 .text.MGPIO_u8SetPinValue
                0x08000b00       0xa8 ./src/MCAL/DIO/MGPIO_Program.o
                0x08000b00                MGPIO_u8SetPinValue
 .text.MGPIO_voidSetPinAltFun
                0x08000ba8       0x98 ./src/MCAL/DIO/MGPIO_Program.o
                0x08000ba8                MGPIO_voidSetPinAltFun
 .text.MUSART_CallBack
                0x08000c40       0x1c ./src/HAL/HESP/ESP_program.o
                0x08000c40                MUSART_CallBack
 .text.ESP8266_voidClearBuffer
                0x08000c5c       0x20 ./src/HAL/HESP/ESP_program.o
                0x08000c5c                ESP8266_voidClearBuffer
 .text.ESP8266_voidInit
                0x08000c7c       0x40 ./src/HAL/HESP/ESP_program.o
                0x08000c7c                ESP8266_voidInit
 .text.ESP8266_voidConnectToWiFi
                0x08000cbc       0x40 ./src/HAL/HESP/ESP_program.o
                0x08000cbc                ESP8266_voidConnectToWiFi
 .text.ESP8266_voidConnectToServerTcp
                0x08000cfc       0x40 ./src/HAL/HESP/ESP_program.o
                0x08000cfc                ESP8266_voidConnectToServerTcp
 .text.ESP8266_u8ReceiveHttpReq
                0x08000d3c       0x6c ./src/HAL/HESP/ESP_program.o
                0x08000d3c                ESP8266_u8ReceiveHttpReq
 .text.App_voidTest
                0x08000da8       0x1c ./src/APP/FOTA.o
                0x08000da8                App_voidTest
 .text.main     0x08000dc4       0x4c ./src/APP/FOTA.o
                0x08000dc4                main
 .text.FOTA_init
                0x08000e10       0x98 ./src/APP/FOTA_program.o
                0x08000e10                FOTA_init
 .text.connect_parseONErecord
                0x08000ea8       0x50 ./src/APP/FOTA_program.o
                0x08000ea8                connect_parseONErecord
 .text.__errno  0x08000ef8        0xc d:/imt/arm/tools/drive-download-20230213t231239z-001/03- imt sdk/03- imt sdk/imt_sdk_win_64/imt_sdk_win_64/winarm/armgcc/bin/../lib/gcc/arm-none-eabi/7.2.1/../../../../arm-none-eabi/lib/thumb/v7e-m\libg_nano.a(lib_a-errno.o)
                0x08000ef8                __errno
 .text._vsnprintf_r
                0x08000f04       0x58 d:/imt/arm/tools/drive-download-20230213t231239z-001/03- imt sdk/03- imt sdk/imt_sdk_win_64/imt_sdk_win_64/winarm/armgcc/bin/../lib/gcc/arm-none-eabi/7.2.1/../../../../arm-none-eabi/lib/thumb/v7e-m\libg_nano.a(lib_a-vsnprintf.o)
                0x08000f04                _vsniprintf_r
                0x08000f04                _vsnprintf_r
 .text.vsnprintf
                0x08000f5c       0x1c d:/imt/arm/tools/drive-download-20230213t231239z-001/03- imt sdk/03- imt sdk/imt_sdk_win_64/imt_sdk_win_64/winarm/armgcc/bin/../lib/gcc/arm-none-eabi/7.2.1/../../../../arm-none-eabi/lib/thumb/v7e-m\libg_nano.a(lib_a-vsnprintf.o)
                0x08000f5c                vsniprintf
                0x08000f5c                vsnprintf
 .text.__ssputs_r
                0x08000f78       0xb4 d:/imt/arm/tools/drive-download-20230213t231239z-001/03- imt sdk/03- imt sdk/imt_sdk_win_64/imt_sdk_win_64/winarm/armgcc/bin/../lib/gcc/arm-none-eabi/7.2.1/../../../../arm-none-eabi/lib/thumb/v7e-m\libg_nano.a(lib_a-nano-svfprintf.o)
                0x08000f78                __ssputs_r
 .text._svfprintf_r
                0x0800102c      0x1ec d:/imt/arm/tools/drive-download-20230213t231239z-001/03- imt sdk/03- imt sdk/imt_sdk_win_64/imt_sdk_win_64/winarm/armgcc/bin/../lib/gcc/arm-none-eabi/7.2.1/../../../../arm-none-eabi/lib/thumb/v7e-m\libg_nano.a(lib_a-nano-svfprintf.o)
                0x0800102c                _svfiprintf_r
                0x0800102c                _svfprintf_r
 .text._printf_common
                0x08001218       0xea d:/imt/arm/tools/drive-download-20230213t231239z-001/03- imt sdk/03- imt sdk/imt_sdk_win_64/imt_sdk_win_64/winarm/armgcc/bin/../lib/gcc/arm-none-eabi/7.2.1/../../../../arm-none-eabi/lib/thumb/v7e-m\libg_nano.a(lib_a-nano-vfprintf_i.o)
                0x08001218                _printf_common
 *fill*         0x08001302        0x2 
 .text._printf_i
                0x08001304      0x224 d:/imt/arm/tools/drive-download-20230213t231239z-001/03- imt sdk/03- imt sdk/imt_sdk_win_64/imt_sdk_win_64/winarm/armgcc/bin/../lib/gcc/arm-none-eabi/7.2.1/../../../../arm-none-eabi/lib/thumb/v7e-m\libg_nano.a(lib_a-nano-vfprintf_i.o)
                0x08001304                _printf_i
 *fill*         0x08001528        0x8 
 .text          0x08001530       0xa0 d:/imt/arm/tools/drive-download-20230213t231239z-001/03- imt sdk/03- imt sdk/imt_sdk_win_64/imt_sdk_win_64/winarm/armgcc/bin/../lib/gcc/arm-none-eabi/7.2.1/../../../../arm-none-eabi/lib/thumb/v7e-m\libg_nano.a(lib_a-memchr.o)
                0x08001530                memchr
 .text.memcpy   0x080015d0       0x16 d:/imt/arm/tools/drive-download-20230213t231239z-001/03- imt sdk/03- imt sdk/imt_sdk_win_64/imt_sdk_win_64/winarm/armgcc/bin/../lib/gcc/arm-none-eabi/7.2.1/../../../../arm-none-eabi/lib/thumb/v7e-m\libg_nano.a(lib_a-memcpy-stub.o)
                0x080015d0                memcpy
 .text.memmove  0x080015e6       0x32 d:/imt/arm/tools/drive-download-20230213t231239z-001/03- imt sdk/03- imt sdk/imt_sdk_win_64/imt_sdk_win_64/winarm/armgcc/bin/../lib/gcc/arm-none-eabi/7.2.1/../../../../arm-none-eabi/lib/thumb/v7e-m\libg_nano.a(lib_a-memmove.o)
                0x080015e6                memmove
 .text._free_r  0x08001618       0x9c d:/imt/arm/tools/drive-download-20230213t231239z-001/03- imt sdk/03- imt sdk/imt_sdk_win_64/imt_sdk_win_64/winarm/armgcc/bin/../lib/gcc/arm-none-eabi/7.2.1/../../../../arm-none-eabi/lib/thumb/v7e-m\libg_nano.a(lib_a-nano-freer.o)
                0x08001618                _free_r
 .text._malloc_r
                0x080016b4       0xb4 d:/imt/arm/tools/drive-download-20230213t231239z-001/03- imt sdk/03- imt sdk/imt_sdk_win_64/imt_sdk_win_64/winarm/armgcc/bin/../lib/gcc/arm-none-eabi/7.2.1/../../../../arm-none-eabi/lib/thumb/v7e-m\libg_nano.a(lib_a-nano-mallocr.o)
                0x080016b4                _malloc_r
 .text._realloc_r
                0x08001768       0x4c d:/imt/arm/tools/drive-download-20230213t231239z-001/03- imt sdk/03- imt sdk/imt_sdk_win_64/imt_sdk_win_64/winarm/armgcc/bin/../lib/gcc/arm-none-eabi/7.2.1/../../../../arm-none-eabi/lib/thumb/v7e-m\libg_nano.a(lib_a-nano-reallocr.o)
                0x08001768                _realloc_r
 .text._sbrk_r  0x080017b4       0x20 d:/imt/arm/tools/drive-download-20230213t231239z-001/03- imt sdk/03- imt sdk/imt_sdk_win_64/imt_sdk_win_64/winarm/armgcc/bin/../lib/gcc/arm-none-eabi/7.2.1/../../../../arm-none-eabi/lib/thumb/v7e-m\libg_nano.a(lib_a-sbrkr.o)
                0x080017b4                _sbrk_r
 .text.__malloc_lock
                0x080017d4        0x2 d:/imt/arm/tools/drive-download-20230213t231239z-001/03- imt sdk/03- imt sdk/imt_sdk_win_64/imt_sdk_win_64/winarm/armgcc/bin/../lib/gcc/arm-none-eabi/7.2.1/../../../../arm-none-eabi/lib/thumb/v7e-m\libg_nano.a(lib_a-mlock.o)
                0x080017d4                __malloc_lock
 .text.__malloc_unlock
                0x080017d6        0x2 d:/imt/arm/tools/drive-download-20230213t231239z-001/03- imt sdk/03- imt sdk/imt_sdk_win_64/imt_sdk_win_64/winarm/armgcc/bin/../lib/gcc/arm-none-eabi/7.2.1/../../../../arm-none-eabi/lib/thumb/v7e-m\libg_nano.a(lib_a-mlock.o)
                0x080017d6                __malloc_unlock
 .text._malloc_usable_size_r
                0x080017d8       0x10 d:/imt/arm/tools/drive-download-20230213t231239z-001/03- imt sdk/03- imt sdk/imt_sdk_win_64/imt_sdk_win_64/winarm/armgcc/bin/../lib/gcc/arm-none-eabi/7.2.1/../../../../arm-none-eabi/lib/thumb/v7e-m\libg_nano.a(lib_a-nano-msizer.o)
                0x080017d8                _malloc_usable_size_r
 *(.rodata .rodata.* .constdata .constdata.*)
 .rodata.dumpExceptionStack.str1.4
                0x080017e8      0x11a ./system/src/cortexm/exception_handlers.o
 *fill*         0x08001902        0x2 
 .rodata.str1.4
                0x08001904       0x2a ./system/src/cortexm/exception_handlers.o
 *fill*         0x0800192e        0x2 
 .rodata.AHBPrescTable
                0x08001930       0x10 ./system/src/cmsis/system_stm32f4xx.o
                0x08001930                AHBPrescTable
 .rodata.ESP8266_VidSendHttpReq.str1.4
                0x08001940       0x2d ./src/HAL/HESP/ESP_program.o
 *fill*         0x0800196d        0x3 
 .rodata.ESP8266_u8ReceiveHttpReq.str1.4
                0x08001970       0x1f ./src/HAL/HESP/ESP_program.o
 *fill*         0x0800198f        0x1 
 .rodata.ESP8266_voidConnectToServerTcp.str1.4
                0x08001990       0x1b ./src/HAL/HESP/ESP_program.o
 *fill*         0x080019ab        0x1 
 .rodata.ESP8266_voidConnectToWiFi.str1.4
                0x080019ac       0x14 ./src/HAL/HESP/ESP_program.o
                                 0x18 (size before relaxing)
 .rodata.ESP8266_voidInit.str1.4
                0x080019c0       0x16 ./src/HAL/HESP/ESP_program.o
 *fill*         0x080019d6        0x2 
 .rodata.FOTA_init.str1.4
                0x080019d8       0x16 ./src/APP/FOTA_program.o
 *fill*         0x080019ee        0x2 
 .rodata.connect_parseONErecord.str1.4
                0x080019f0       0x18 ./src/APP/FOTA_program.o
                                 0x1b (size before relaxing)
 .rodata._svfprintf_r.str1.1
                0x08001a08       0x11 d:/imt/arm/tools/drive-download-20230213t231239z-001/03- imt sdk/03- imt sdk/imt_sdk_win_64/imt_sdk_win_64/winarm/armgcc/bin/../lib/gcc/arm-none-eabi/7.2.1/../../../../arm-none-eabi/lib/thumb/v7e-m\libg_nano.a(lib_a-nano-svfprintf.o)
 .rodata._printf_i.str1.1
                0x08001a19       0x22 d:/imt/arm/tools/drive-download-20230213t231239z-001/03- imt sdk/03- imt sdk/imt_sdk_win_64/imt_sdk_win_64/winarm/armgcc/bin/../lib/gcc/arm-none-eabi/7.2.1/../../../../arm-none-eabi/lib/thumb/v7e-m\libg_nano.a(lib_a-nano-vfprintf_i.o)
 *(vtable)
 *(.eh_frame*)
 *(.glue_7)
 .glue_7        0x08001a3b        0x0 linker stubs
 *(.glue_7t)
 .glue_7t       0x08001a3b        0x0 linker stubs

.vfp11_veneer   0x08001a3c        0x0
 .vfp11_veneer  0x08001a3c        0x0 linker stubs

.v4_bx          0x08001a3c        0x0
 .v4_bx         0x08001a3c        0x0 linker stubs

.iplt           0x08001a3c        0x0
 .iplt          0x08001a3c        0x0 ./system/src/newlib/_exit.o

.rel.dyn        0x08001a3c        0x0
 .rel.iplt      0x08001a3c        0x0 ./system/src/newlib/_exit.o

.ARM.extab
 *(.ARM.extab* .gnu.linkonce.armextab.*)
                0x08001a3c                . = ALIGN (0x4)
                0x08001a3c                __exidx_start = .

.ARM.exidx
 *(.ARM.exidx* .gnu.linkonce.armexidx.*)
                0x08001a3c                __exidx_end = .
                0x08001a3c                . = ALIGN (0x4)
                0x08001a3c                _etext = .
                0x08001a3c                __etext = .

.data_CCMRAM    0x10000000        0x0 load address 0x08001a3c
 FILL mask 0xff
 *(.data.CCMRAM .data.CCMRAM.*)
                0x10000000                . = ALIGN (0x4)
                0x08001a3c                _sidata = LOADADDR (.data)

.data           0x20000000       0x78 load address 0x08001a3c
 FILL mask 0xff
                0x20000000                _sdata = .
                0x20000000                __data_start__ = .
 *(.data_begin .data_begin.*)
 .data_begin    0x20000000        0x4 ./system/src/newlib/_startup.o
 *(.data .data.*)
 .data.argv.4310
                0x20000004        0x8 ./system/src/newlib/_syscalls.o
 .data.SystemCoreClock
                0x2000000c        0x4 ./system/src/cmsis/system_stm32f4xx.o
                0x2000000c                SystemCoreClock
 .data._impure_ptr
                0x20000010        0x4 d:/imt/arm/tools/drive-download-20230213t231239z-001/03- imt sdk/03- imt sdk/imt_sdk_win_64/imt_sdk_win_64/winarm/armgcc/bin/../lib/gcc/arm-none-eabi/7.2.1/../../../../arm-none-eabi/lib/thumb/v7e-m\libg_nano.a(lib_a-impure.o)
                0x20000010                _impure_ptr
 .data.impure_data
                0x20000014       0x60 d:/imt/arm/tools/drive-download-20230213t231239z-001/03- imt sdk/03- imt sdk/imt_sdk_win_64/imt_sdk_win_64/winarm/armgcc/bin/../lib/gcc/arm-none-eabi/7.2.1/../../../../arm-none-eabi/lib/thumb/v7e-m\libg_nano.a(lib_a-impure.o)
 *(.data_end .data_end.*)
 .data_end      0x20000074        0x4 ./system/src/newlib/_startup.o
                0x20000078                . = ALIGN (0x4)
                0x20000078                _edata = .
                0x20000078                __data_end__ = .

.igot.plt       0x20000078        0x0 load address 0x08001ab4
 .igot.plt      0x20000078        0x0 ./system/src/newlib/_exit.o

.bss_CCMRAM     0x10000000        0x0
 *(.bss.CCMRAM .bss.CCMRAM.*)

.bss            0x20000078     0x76b4
                0x20000078                __bss_start__ = .
                0x20000078                _sbss = .
 *(.bss_begin .bss_begin.*)
 .bss_begin     0x20000078        0x4 ./system/src/newlib/_startup.o
 *(.bss .bss.*)
 .bss.current_heap_end.3961
                0x2000007c        0x4 ./system/src/newlib/_sbrk.o
 .bss.name.4309
                0x20000080        0x1 ./system/src/newlib/_syscalls.o
 *fill*         0x20000081        0x3 
 .bss.buf.5205  0x20000084       0x80 ./system/src/diag/Trace.o
 .bss.MSTK_CallBack
                0x20000104        0x4 ./src/MCAL/STK/MSTK_Program.o
 .bss.MSPI1_CallBack
                0x20000108        0x4 ./src/MCAL/SPI/MSPI_Program.o
 .bss.MUSART_CALLPTR
                0x2000010c        0x4 ./src/MCAL/MUSART/MUSART_Program.o
 .bss.EXTI0_CallBack
                0x20000110        0x4 ./src/MCAL/EXTI/MEXTI_Program.o
 .bss.EXTI1_CallBack
                0x20000114        0x4 ./src/MCAL/EXTI/MEXTI_Program.o
 .bss.Global_u8Response
                0x20000118       0xc8 ./src/HAL/HESP/ESP_program.o
                0x20000118                Global_u8Response
 .bss.Iterator  0x200001e0        0x1 ./src/HAL/HESP/ESP_program.o
                0x200001e0                Iterator
 .bss.EndOfFileFlag
                0x200001e1        0x1 ./src/APP/FOTA.o
                0x200001e1                EndOfFileFlag
 *fill*         0x200001e2        0x2 
 .bss.HEX_u32charCounter
                0x200001e4        0x4 ./src/APP/FOTA_program.o
                0x200001e4                HEX_u32charCounter
 .bss.HEX_u8chars
                0x200001e8     0x7530 ./src/APP/FOTA_program.o
                0x200001e8                HEX_u8chars
 .bss.endOFrecordFlag
                0x20007718        0x1 ./src/APP/FOTA_program.o
                0x20007718                endOFrecordFlag
 *fill*         0x20007719        0x3 
 .bss.__malloc_free_list
                0x2000771c        0x4 d:/imt/arm/tools/drive-download-20230213t231239z-001/03- imt sdk/03- imt sdk/imt_sdk_win_64/imt_sdk_win_64/winarm/armgcc/bin/../lib/gcc/arm-none-eabi/7.2.1/../../../../arm-none-eabi/lib/thumb/v7e-m\libg_nano.a(lib_a-nano-mallocr.o)
                0x2000771c                __malloc_free_list
 .bss.__malloc_sbrk_start
                0x20007720        0x4 d:/imt/arm/tools/drive-download-20230213t231239z-001/03- imt sdk/03- imt sdk/imt_sdk_win_64/imt_sdk_win_64/winarm/armgcc/bin/../lib/gcc/arm-none-eabi/7.2.1/../../../../arm-none-eabi/lib/thumb/v7e-m\libg_nano.a(lib_a-nano-mallocr.o)
                0x20007720                __malloc_sbrk_start
 *(COMMON)
 COMMON         0x20007724        0x4 ./system/src/newlib/_syscalls.o
                0x20007724                errno
 *(.bss_end .bss_end.*)
 .bss_end       0x20007728        0x4 ./system/src/newlib/_startup.o
                0x2000772c                . = ALIGN (0x4)
                0x2000772c                __bss_end__ = .
                0x2000772c                _ebss = .

.noinit_CCMRAM
 *(.noinit.CCMRAM .noinit.CCMRAM.*)

.noinit         0x2000772c        0x0
                0x2000772c                _noinit = .
 *(.noinit .noinit.*)
                0x2000772c                . = ALIGN (0x4)
                0x2000772c                _end_noinit = .
                [!provide]                PROVIDE (end, _end_noinit)
                [!provide]                PROVIDE (_end, _end_noinit)
                [!provide]                PROVIDE (__end, _end_noinit)
                [!provide]                PROVIDE (__end__, _end_noinit)

._check_stack   0x2000772c      0x100
                0x2000782c                . = (. + _Minimum_Stack_Size)
 *fill*         0x2000772c      0x100 

.b1text
 *(.b1text)
 *(.b1rodata)
 *(.b1rodata.*)

.eb0text
 *(.eb0text)
 *(.eb0rodata)
 *(.eb0rodata.*)

.eb1text
 *(.eb1text)
 *(.eb1rodata)
 *(.eb1rodata.*)

.eb2text
 *(.eb2text)
 *(.eb2rodata)
 *(.eb2rodata.*)

.eb3text
 *(.eb3text)
 *(.eb3rodata)
 *(.eb3rodata.*)

.stab
 *(.stab)

.stabstr
 *(.stabstr)

.stab.excl
 *(.stab.excl)

.stab.exclstr
 *(.stab.exclstr)

.stab.index
 *(.stab.index)

.stab.indexstr
 *(.stab.indexstr)

.comment        0x00000000       0x7e
 *(.comment)
 .comment       0x00000000       0x7e ./system/src/newlib/_exit.o
                                 0x7f (size before relaxing)
 .comment       0x0000007e       0x7f ./system/src/newlib/_sbrk.o
 .comment       0x0000007e       0x7f ./system/src/newlib/_startup.o
 .comment       0x0000007e       0x7f ./system/src/newlib/_syscalls.o
 .comment       0x0000007e       0x7f ./system/src/diag/Trace.o
 .comment       0x0000007e       0x7f ./system/src/diag/trace_impl.o
 .comment       0x0000007e       0x7f ./system/src/cortexm/_initialize_hardware.o
 .comment       0x0000007e       0x7f ./system/src/cortexm/exception_handlers.o
 .comment       0x0000007e       0x7f ./system/src/cmsis/system_stm32f4xx.o
 .comment       0x0000007e       0x7f ./system/src/cmsis/vectors_stm32f401xc.o
 .comment       0x0000007e       0x7f ./src/MCAL/STK/MSTK_Program.o
 .comment       0x0000007e       0x7f ./src/MCAL/SPI/MSPI_Program.o
 .comment       0x0000007e       0x7f ./src/MCAL/NVIC/MNVIC_Program.o
 .comment       0x0000007e       0x7f ./src/MCAL/MUSART/MUSART_Program.o
 .comment       0x0000007e       0x7f ./src/MCAL/MRCC/MRCC_Program.o
 .comment       0x0000007e       0x7f ./src/MCAL/EXTI/MEXTI_Program.o
 .comment       0x0000007e       0x7f ./src/MCAL/DIO/MGPIO_Program.o
 .comment       0x0000007e       0x7f ./src/HAL/HESP/ESP_program.o
 .comment       0x0000007e       0x7f ./src/APP/FOTA.o
 .comment       0x0000007e       0x7f ./src/APP/FOTA_program.o

.ARM.attributes
                0x00000000       0x31
 .ARM.attributes
                0x00000000       0x33 ./system/src/newlib/_exit.o
 .ARM.attributes
                0x00000033       0x33 ./system/src/newlib/_sbrk.o
 .ARM.attributes
                0x00000066       0x33 ./system/src/newlib/_startup.o
 .ARM.attributes
                0x00000099       0x33 ./system/src/newlib/_syscalls.o
 .ARM.attributes
                0x000000cc       0x33 ./system/src/diag/Trace.o
 .ARM.attributes
                0x000000ff       0x33 ./system/src/diag/trace_impl.o
 .ARM.attributes
                0x00000132       0x33 ./system/src/cortexm/_initialize_hardware.o
 .ARM.attributes
                0x00000165       0x33 ./system/src/cortexm/exception_handlers.o
 .ARM.attributes
                0x00000198       0x33 ./system/src/cmsis/system_stm32f4xx.o
 .ARM.attributes
                0x000001cb       0x33 ./system/src/cmsis/vectors_stm32f401xc.o
 .ARM.attributes
                0x000001fe       0x33 ./src/MCAL/STK/MSTK_Program.o
 .ARM.attributes
                0x00000231       0x33 ./src/MCAL/SPI/MSPI_Program.o
 .ARM.attributes
                0x00000264       0x33 ./src/MCAL/NVIC/MNVIC_Program.o
 .ARM.attributes
                0x00000297       0x33 ./src/MCAL/MUSART/MUSART_Program.o
 .ARM.attributes
                0x000002ca       0x33 ./src/MCAL/MRCC/MRCC_Program.o
 .ARM.attributes
                0x000002fd       0x33 ./src/MCAL/EXTI/MEXTI_Program.o
 .ARM.attributes
                0x00000330       0x33 ./src/MCAL/DIO/MGPIO_Program.o
 .ARM.attributes
                0x00000363       0x33 ./src/HAL/HESP/ESP_program.o
 .ARM.attributes
                0x00000396       0x33 ./src/APP/FOTA.o
 .ARM.attributes
                0x000003c9       0x33 ./src/APP/FOTA_program.o
 .ARM.attributes
                0x000003fc       0x2e d:/imt/arm/tools/drive-download-20230213t231239z-001/03- imt sdk/03- imt sdk/imt_sdk_win_64/imt_sdk_win_64/winarm/armgcc/bin/../lib/gcc/arm-none-eabi/7.2.1/../../../../arm-none-eabi/lib/thumb/v7e-m\libg_nano.a(lib_a-errno.o)
 .ARM.attributes
                0x0000042a       0x2e d:/imt/arm/tools/drive-download-20230213t231239z-001/03- imt sdk/03- imt sdk/imt_sdk_win_64/imt_sdk_win_64/winarm/armgcc/bin/../lib/gcc/arm-none-eabi/7.2.1/../../../../arm-none-eabi/lib/thumb/v7e-m\libg_nano.a(lib_a-impure.o)
 .ARM.attributes
                0x00000458       0x2e d:/imt/arm/tools/drive-download-20230213t231239z-001/03- imt sdk/03- imt sdk/imt_sdk_win_64/imt_sdk_win_64/winarm/armgcc/bin/../lib/gcc/arm-none-eabi/7.2.1/../../../../arm-none-eabi/lib/thumb/v7e-m\libg_nano.a(lib_a-vsnprintf.o)
 .ARM.attributes
                0x00000486       0x2e d:/imt/arm/tools/drive-download-20230213t231239z-001/03- imt sdk/03- imt sdk/imt_sdk_win_64/imt_sdk_win_64/winarm/armgcc/bin/../lib/gcc/arm-none-eabi/7.2.1/../../../../arm-none-eabi/lib/thumb/v7e-m\libg_nano.a(lib_a-nano-svfprintf.o)
 .ARM.attributes
                0x000004b4       0x2e d:/imt/arm/tools/drive-download-20230213t231239z-001/03- imt sdk/03- imt sdk/imt_sdk_win_64/imt_sdk_win_64/winarm/armgcc/bin/../lib/gcc/arm-none-eabi/7.2.1/../../../../arm-none-eabi/lib/thumb/v7e-m\libg_nano.a(lib_a-nano-vfprintf_i.o)
 .ARM.attributes
                0x000004e2       0x1c d:/imt/arm/tools/drive-download-20230213t231239z-001/03- imt sdk/03- imt sdk/imt_sdk_win_64/imt_sdk_win_64/winarm/armgcc/bin/../lib/gcc/arm-none-eabi/7.2.1/../../../../arm-none-eabi/lib/thumb/v7e-m\libg_nano.a(lib_a-memchr.o)
 .ARM.attributes
                0x000004fe       0x2e d:/imt/arm/tools/drive-download-20230213t231239z-001/03- imt sdk/03- imt sdk/imt_sdk_win_64/imt_sdk_win_64/winarm/armgcc/bin/../lib/gcc/arm-none-eabi/7.2.1/../../../../arm-none-eabi/lib/thumb/v7e-m\libg_nano.a(lib_a-memcpy-stub.o)
 .ARM.attributes
                0x0000052c       0x2e d:/imt/arm/tools/drive-download-20230213t231239z-001/03- imt sdk/03- imt sdk/imt_sdk_win_64/imt_sdk_win_64/winarm/armgcc/bin/../lib/gcc/arm-none-eabi/7.2.1/../../../../arm-none-eabi/lib/thumb/v7e-m\libg_nano.a(lib_a-memmove.o)
 .ARM.attributes
                0x0000055a       0x2e d:/imt/arm/tools/drive-download-20230213t231239z-001/03- imt sdk/03- imt sdk/imt_sdk_win_64/imt_sdk_win_64/winarm/armgcc/bin/../lib/gcc/arm-none-eabi/7.2.1/../../../../arm-none-eabi/lib/thumb/v7e-m\libg_nano.a(lib_a-nano-freer.o)
 .ARM.attributes
                0x00000588       0x2e d:/imt/arm/tools/drive-download-20230213t231239z-001/03- imt sdk/03- imt sdk/imt_sdk_win_64/imt_sdk_win_64/winarm/armgcc/bin/../lib/gcc/arm-none-eabi/7.2.1/../../../../arm-none-eabi/lib/thumb/v7e-m\libg_nano.a(lib_a-nano-mallocr.o)
 .ARM.attributes
                0x000005b6       0x2e d:/imt/arm/tools/drive-download-20230213t231239z-001/03- imt sdk/03- imt sdk/imt_sdk_win_64/imt_sdk_win_64/winarm/armgcc/bin/../lib/gcc/arm-none-eabi/7.2.1/../../../../arm-none-eabi/lib/thumb/v7e-m\libg_nano.a(lib_a-nano-reallocr.o)
 .ARM.attributes
                0x000005e4       0x2e d:/imt/arm/tools/drive-download-20230213t231239z-001/03- imt sdk/03- imt sdk/imt_sdk_win_64/imt_sdk_win_64/winarm/armgcc/bin/../lib/gcc/arm-none-eabi/7.2.1/../../../../arm-none-eabi/lib/thumb/v7e-m\libg_nano.a(lib_a-sbrkr.o)
 .ARM.attributes
                0x00000612       0x2e d:/imt/arm/tools/drive-download-20230213t231239z-001/03- imt sdk/03- imt sdk/imt_sdk_win_64/imt_sdk_win_64/winarm/armgcc/bin/../lib/gcc/arm-none-eabi/7.2.1/../../../../arm-none-eabi/lib/thumb/v7e-m\libg_nano.a(lib_a-mlock.o)
 .ARM.attributes
                0x00000640       0x2e d:/imt/arm/tools/drive-download-20230213t231239z-001/03- imt sdk/03- imt sdk/imt_sdk_win_64/imt_sdk_win_64/winarm/armgcc/bin/../lib/gcc/arm-none-eabi/7.2.1/../../../../arm-none-eabi/lib/thumb/v7e-m\libg_nano.a(lib_a-nano-msizer.o)

.debug
 *(.debug)

.line
 *(.line)

.debug_srcinfo
 *(.debug_srcinfo)

.debug_sfnames
 *(.debug_sfnames)

.debug_aranges  0x00000000      0x508
 *(.debug_aranges)
 .debug_aranges
                0x00000000       0x28 ./system/src/newlib/_exit.o
 .debug_aranges
                0x00000028       0x20 ./system/src/newlib/_sbrk.o
 .debug_aranges
                0x00000048       0x40 ./system/src/newlib/_startup.o
 .debug_aranges
                0x00000088       0x30 ./system/src/newlib/_syscalls.o
 .debug_aranges
                0x000000b8       0x38 ./system/src/diag/Trace.o
 .debug_aranges
                0x000000f0       0x30 ./system/src/diag/trace_impl.o
 .debug_aranges
                0x00000120       0x28 ./system/src/cortexm/_initialize_hardware.o
 .debug_aranges
                0x00000148       0x90 ./system/src/cortexm/exception_handlers.o
 .debug_aranges
                0x000001d8       0x28 ./system/src/cmsis/system_stm32f4xx.o
 .debug_aranges
                0x00000200       0x20 ./system/src/cmsis/vectors_stm32f401xc.o
 .debug_aranges
                0x00000220       0x68 ./src/MCAL/STK/MSTK_Program.o
 .debug_aranges
                0x00000288       0x38 ./src/MCAL/SPI/MSPI_Program.o
 .debug_aranges
                0x000002c0       0x50 ./src/MCAL/NVIC/MNVIC_Program.o
 .debug_aranges
                0x00000310       0x68 ./src/MCAL/MUSART/MUSART_Program.o
 .debug_aranges
                0x00000378       0x30 ./src/MCAL/MRCC/MRCC_Program.o
 .debug_aranges
                0x000003a8       0x60 ./src/MCAL/EXTI/MEXTI_Program.o
 .debug_aranges
                0x00000408       0x58 ./src/MCAL/DIO/MGPIO_Program.o
 .debug_aranges
                0x00000460       0x58 ./src/HAL/HESP/ESP_program.o
 .debug_aranges
                0x000004b8       0x28 ./src/APP/FOTA.o
 .debug_aranges
                0x000004e0       0x28 ./src/APP/FOTA_program.o

.debug_pubnames
 *(.debug_pubnames)

.debug_info     0x00000000     0x8199
 *(.debug_info .gnu.linkonce.wi.*)
 .debug_info    0x00000000      0x956 ./system/src/newlib/_exit.o
 .debug_info    0x00000956      0x942 ./system/src/newlib/_sbrk.o
 .debug_info    0x00001298      0x4bf ./system/src/newlib/_startup.o
 .debug_info    0x00001757      0xa19 ./system/src/newlib/_syscalls.o
 .debug_info    0x00002170      0xb2a ./system/src/diag/Trace.o
 .debug_info    0x00002c9a      0xb6b ./system/src/diag/trace_impl.o
 .debug_info    0x00003805      0xade ./system/src/cortexm/_initialize_hardware.o
 .debug_info    0x000042e3     0x115a ./system/src/cortexm/exception_handlers.o
 .debug_info    0x0000543d      0xcfe ./system/src/cmsis/system_stm32f4xx.o
 .debug_info    0x0000613b       0xca ./system/src/cmsis/vectors_stm32f401xc.o
 .debug_info    0x00006205      0x2cd ./src/MCAL/STK/MSTK_Program.o
 .debug_info    0x000064d2      0x1d6 ./src/MCAL/SPI/MSPI_Program.o
 .debug_info    0x000066a8      0x342 ./src/MCAL/NVIC/MNVIC_Program.o
 .debug_info    0x000069ea      0x38b ./src/MCAL/MUSART/MUSART_Program.o
 .debug_info    0x00006d75      0x128 ./src/MCAL/MRCC/MRCC_Program.o
 .debug_info    0x00006e9d      0x2f2 ./src/MCAL/EXTI/MEXTI_Program.o
 .debug_info    0x0000718f      0x3e3 ./src/MCAL/DIO/MGPIO_Program.o
 .debug_info    0x00007572      0x607 ./src/HAL/HESP/ESP_program.o
 .debug_info    0x00007b79      0x205 ./src/APP/FOTA.o
 .debug_info    0x00007d7e      0x41b ./src/APP/FOTA_program.o

.debug_abbrev   0x00000000     0x206e
 *(.debug_abbrev)
 .debug_abbrev  0x00000000      0x1f3 ./system/src/newlib/_exit.o
 .debug_abbrev  0x000001f3      0x1fc ./system/src/newlib/_sbrk.o
 .debug_abbrev  0x000003ef      0x1cb ./system/src/newlib/_startup.o
 .debug_abbrev  0x000005ba      0x234 ./system/src/newlib/_syscalls.o
 .debug_abbrev  0x000007ee      0x276 ./system/src/diag/Trace.o
 .debug_abbrev  0x00000a64      0x2ef ./system/src/diag/trace_impl.o
 .debug_abbrev  0x00000d53      0x1de ./system/src/cortexm/_initialize_hardware.o
 .debug_abbrev  0x00000f31      0x32b ./system/src/cortexm/exception_handlers.o
 .debug_abbrev  0x0000125c      0x216 ./system/src/cmsis/system_stm32f4xx.o
 .debug_abbrev  0x00001472       0x9d ./system/src/cmsis/vectors_stm32f401xc.o
 .debug_abbrev  0x0000150f      0x160 ./src/MCAL/STK/MSTK_Program.o
 .debug_abbrev  0x0000166f      0x139 ./src/MCAL/SPI/MSPI_Program.o
 .debug_abbrev  0x000017a8      0x14d ./src/MCAL/NVIC/MNVIC_Program.o
 .debug_abbrev  0x000018f5      0x164 ./src/MCAL/MUSART/MUSART_Program.o
 .debug_abbrev  0x00001a59       0xaf ./src/MCAL/MRCC/MRCC_Program.o
 .debug_abbrev  0x00001b08      0x11e ./src/MCAL/EXTI/MEXTI_Program.o
 .debug_abbrev  0x00001c26      0x117 ./src/MCAL/DIO/MGPIO_Program.o
 .debug_abbrev  0x00001d3d      0x121 ./src/HAL/HESP/ESP_program.o
 .debug_abbrev  0x00001e5e      0x116 ./src/APP/FOTA.o
 .debug_abbrev  0x00001f74       0xfa ./src/APP/FOTA_program.o

.debug_line     0x00000000     0x5741
 *(.debug_line)
 .debug_line    0x00000000      0x45b ./system/src/newlib/_exit.o
 .debug_line    0x0000045b      0x40f ./system/src/newlib/_sbrk.o
 .debug_line    0x0000086a      0x4d7 ./system/src/newlib/_startup.o
 .debug_line    0x00000d41      0x568 ./system/src/newlib/_syscalls.o
 .debug_line    0x000012a9      0x4d7 ./system/src/diag/Trace.o
 .debug_line    0x00001780      0xbcb ./system/src/diag/trace_impl.o
 .debug_line    0x0000234b      0xb34 ./system/src/cortexm/_initialize_hardware.o
 .debug_line    0x00002e7f      0xc82 ./system/src/cortexm/exception_handlers.o
 .debug_line    0x00003b01      0xb3a ./system/src/cmsis/system_stm32f4xx.o
 .debug_line    0x0000463b      0x145 ./system/src/cmsis/vectors_stm32f401xc.o
 .debug_line    0x00004780      0x181 ./src/MCAL/STK/MSTK_Program.o
 .debug_line    0x00004901      0x12e ./src/MCAL/SPI/MSPI_Program.o
 .debug_line    0x00004a2f      0x141 ./src/MCAL/NVIC/MNVIC_Program.o
 .debug_line    0x00004b70      0x197 ./src/MCAL/MUSART/MUSART_Program.o
 .debug_line    0x00004d07       0xf4 ./src/MCAL/MRCC/MRCC_Program.o
 .debug_line    0x00004dfb      0x16b ./src/MCAL/EXTI/MEXTI_Program.o
 .debug_line    0x00004f66      0x20e ./src/MCAL/DIO/MGPIO_Program.o
 .debug_line    0x00005174      0x1d9 ./src/HAL/HESP/ESP_program.o
 .debug_line    0x0000534d      0x1f5 ./src/APP/FOTA.o
 .debug_line    0x00005542      0x1ff ./src/APP/FOTA_program.o

.debug_frame    0x00000000      0xc80
 *(.debug_frame)
 .debug_frame   0x00000000       0x38 ./system/src/newlib/_exit.o
 .debug_frame   0x00000038       0x28 ./system/src/newlib/_sbrk.o
 .debug_frame   0x00000060       0x7c ./system/src/newlib/_startup.o
 .debug_frame   0x000000dc       0x50 ./system/src/newlib/_syscalls.o
 .debug_frame   0x0000012c       0x94 ./system/src/diag/Trace.o
 .debug_frame   0x000001c0       0x64 ./system/src/diag/trace_impl.o
 .debug_frame   0x00000224       0x40 ./system/src/cortexm/_initialize_hardware.o
 .debug_frame   0x00000264      0x158 ./system/src/cortexm/exception_handlers.o
 .debug_frame   0x000003bc       0x30 ./system/src/cmsis/system_stm32f4xx.o
 .debug_frame   0x000003ec       0x20 ./system/src/cmsis/vectors_stm32f401xc.o
 .debug_frame   0x0000040c       0xd0 ./src/MCAL/STK/MSTK_Program.o
 .debug_frame   0x000004dc       0x60 ./src/MCAL/SPI/MSPI_Program.o
 .debug_frame   0x0000053c       0x88 ./src/MCAL/NVIC/MNVIC_Program.o
 .debug_frame   0x000005c4       0xc4 ./src/MCAL/MUSART/MUSART_Program.o
 .debug_frame   0x00000688       0x40 ./src/MCAL/MRCC/MRCC_Program.o
 .debug_frame   0x000006c8       0xb0 ./src/MCAL/EXTI/MEXTI_Program.o
 .debug_frame   0x00000778       0xe4 ./src/MCAL/DIO/MGPIO_Program.o
 .debug_frame   0x0000085c       0xd8 ./src/HAL/HESP/ESP_program.o
 .debug_frame   0x00000934       0x40 ./src/APP/FOTA.o
 .debug_frame   0x00000974       0x44 ./src/APP/FOTA_program.o
 .debug_frame   0x000009b8       0x20 d:/imt/arm/tools/drive-download-20230213t231239z-001/03- imt sdk/03- imt sdk/imt_sdk_win_64/imt_sdk_win_64/winarm/armgcc/bin/../lib/gcc/arm-none-eabi/7.2.1/../../../../arm-none-eabi/lib/thumb/v7e-m\libg_nano.a(lib_a-errno.o)
 .debug_frame   0x000009d8       0x4c d:/imt/arm/tools/drive-download-20230213t231239z-001/03- imt sdk/03- imt sdk/imt_sdk_win_64/imt_sdk_win_64/winarm/armgcc/bin/../lib/gcc/arm-none-eabi/7.2.1/../../../../arm-none-eabi/lib/thumb/v7e-m\libg_nano.a(lib_a-vsnprintf.o)
 .debug_frame   0x00000a24       0x90 d:/imt/arm/tools/drive-download-20230213t231239z-001/03- imt sdk/03- imt sdk/imt_sdk_win_64/imt_sdk_win_64/winarm/armgcc/bin/../lib/gcc/arm-none-eabi/7.2.1/../../../../arm-none-eabi/lib/thumb/v7e-m\libg_nano.a(lib_a-nano-svfprintf.o)
 .debug_frame   0x00000ab4       0x60 d:/imt/arm/tools/drive-download-20230213t231239z-001/03- imt sdk/03- imt sdk/imt_sdk_win_64/imt_sdk_win_64/winarm/armgcc/bin/../lib/gcc/arm-none-eabi/7.2.1/../../../../arm-none-eabi/lib/thumb/v7e-m\libg_nano.a(lib_a-nano-vfprintf_i.o)
 .debug_frame   0x00000b14       0x28 d:/imt/arm/tools/drive-download-20230213t231239z-001/03- imt sdk/03- imt sdk/imt_sdk_win_64/imt_sdk_win_64/winarm/armgcc/bin/../lib/gcc/arm-none-eabi/7.2.1/../../../../arm-none-eabi/lib/thumb/v7e-m\libg_nano.a(lib_a-memcpy-stub.o)
 .debug_frame   0x00000b3c       0x28 d:/imt/arm/tools/drive-download-20230213t231239z-001/03- imt sdk/03- imt sdk/imt_sdk_win_64/imt_sdk_win_64/winarm/armgcc/bin/../lib/gcc/arm-none-eabi/7.2.1/../../../../arm-none-eabi/lib/thumb/v7e-m\libg_nano.a(lib_a-memmove.o)
 .debug_frame   0x00000b64       0x38 d:/imt/arm/tools/drive-download-20230213t231239z-001/03- imt sdk/03- imt sdk/imt_sdk_win_64/imt_sdk_win_64/winarm/armgcc/bin/../lib/gcc/arm-none-eabi/7.2.1/../../../../arm-none-eabi/lib/thumb/v7e-m\libg_nano.a(lib_a-nano-freer.o)
 .debug_frame   0x00000b9c       0x2c d:/imt/arm/tools/drive-download-20230213t231239z-001/03- imt sdk/03- imt sdk/imt_sdk_win_64/imt_sdk_win_64/winarm/armgcc/bin/../lib/gcc/arm-none-eabi/7.2.1/../../../../arm-none-eabi/lib/thumb/v7e-m\libg_nano.a(lib_a-nano-mallocr.o)
 .debug_frame   0x00000bc8       0x3c d:/imt/arm/tools/drive-download-20230213t231239z-001/03- imt sdk/03- imt sdk/imt_sdk_win_64/imt_sdk_win_64/winarm/armgcc/bin/../lib/gcc/arm-none-eabi/7.2.1/../../../../arm-none-eabi/lib/thumb/v7e-m\libg_nano.a(lib_a-nano-reallocr.o)
 .debug_frame   0x00000c04       0x2c d:/imt/arm/tools/drive-download-20230213t231239z-001/03- imt sdk/03- imt sdk/imt_sdk_win_64/imt_sdk_win_64/winarm/armgcc/bin/../lib/gcc/arm-none-eabi/7.2.1/../../../../arm-none-eabi/lib/thumb/v7e-m\libg_nano.a(lib_a-sbrkr.o)
 .debug_frame   0x00000c30       0x30 d:/imt/arm/tools/drive-download-20230213t231239z-001/03- imt sdk/03- imt sdk/imt_sdk_win_64/imt_sdk_win_64/winarm/armgcc/bin/../lib/gcc/arm-none-eabi/7.2.1/../../../../arm-none-eabi/lib/thumb/v7e-m\libg_nano.a(lib_a-mlock.o)
 .debug_frame   0x00000c60       0x20 d:/imt/arm/tools/drive-download-20230213t231239z-001/03- imt sdk/03- imt sdk/imt_sdk_win_64/imt_sdk_win_64/winarm/armgcc/bin/../lib/gcc/arm-none-eabi/7.2.1/../../../../arm-none-eabi/lib/thumb/v7e-m\libg_nano.a(lib_a-nano-msizer.o)

.debug_str      0x00000000    0x73e92
 *(.debug_str)
 .debug_str     0x00000000     0x7d16 ./system/src/newlib/_exit.o
                               0x7ee9 (size before relaxing)
 .debug_str     0x00007d16      0x4f5 ./system/src/newlib/_sbrk.o
                               0x729b (size before relaxing)
 .debug_str     0x0000820b      0xc1e ./system/src/newlib/_startup.o
                               0x6a3c (size before relaxing)
 .debug_str     0x00008e29      0xe8b ./system/src/newlib/_syscalls.o
                               0x8176 (size before relaxing)
 .debug_str     0x00009cb4      0x826 ./system/src/diag/Trace.o
                               0x8661 (size before relaxing)
 .debug_str     0x0000a4da    0x67a2e ./system/src/diag/trace_impl.o
                              0x70987 (size before relaxing)
 .debug_str     0x00071f08       0xc4 ./system/src/cortexm/_initialize_hardware.o
                              0x6f719 (size before relaxing)
 .debug_str     0x00071fcc      0x1a6 ./system/src/cortexm/exception_handlers.o
                              0x70b11 (size before relaxing)
 .debug_str     0x00072172      0x164 ./system/src/cmsis/system_stm32f4xx.o
                              0x6f7fa (size before relaxing)
 .debug_str     0x000722d6       0x59 ./system/src/cmsis/vectors_stm32f401xc.o
                               0x3879 (size before relaxing)
 .debug_str     0x0007232f      0x2c5 ./src/MCAL/STK/MSTK_Program.o
                               0x308e (size before relaxing)
 .debug_str     0x000725f4      0x561 ./src/MCAL/SPI/MSPI_Program.o
                               0x33e2 (size before relaxing)
 .debug_str     0x00072b55      0x2bf ./src/MCAL/NVIC/MNVIC_Program.o
                               0x316b (size before relaxing)
 .debug_str     0x00072e14      0x235 ./src/MCAL/MUSART/MUSART_Program.o
                               0x30be (size before relaxing)
 .debug_str     0x00073049      0x54b ./src/MCAL/MRCC/MRCC_Program.o
                               0x33b8 (size before relaxing)
 .debug_str     0x00073594      0x3a7 ./src/MCAL/EXTI/MEXTI_Program.o
                               0x321b (size before relaxing)
 .debug_str     0x0007393b      0x2c1 ./src/MCAL/DIO/MGPIO_Program.o
                               0x359e (size before relaxing)
 .debug_str     0x00073bfc      0x172 ./src/HAL/HESP/ESP_program.o
                               0x30d9 (size before relaxing)
 .debug_str     0x00073d6e       0xfc ./src/APP/FOTA.o
                               0x3544 (size before relaxing)
 .debug_str     0x00073e6a       0x28 ./src/APP/FOTA_program.o
                               0x36d6 (size before relaxing)

.debug_loc      0x00000000     0x1dd3
 *(.debug_loc)
 .debug_loc     0x00000000       0x85 ./system/src/newlib/_sbrk.o
 .debug_loc     0x00000085      0x2cb ./system/src/newlib/_startup.o
 .debug_loc     0x00000350       0x63 ./system/src/newlib/_syscalls.o
 .debug_loc     0x000003b3       0xf6 ./system/src/diag/Trace.o
 .debug_loc     0x000004a9      0x121 ./system/src/diag/trace_impl.o
 .debug_loc     0x000005ca      0x291 ./system/src/cortexm/exception_handlers.o
 .debug_loc     0x0000085b      0x13e ./system/src/cmsis/system_stm32f4xx.o
 .debug_loc     0x00000999       0xb7 ./src/MCAL/STK/MSTK_Program.o
 .debug_loc     0x00000a50       0x21 ./src/MCAL/SPI/MSPI_Program.o
 .debug_loc     0x00000a71      0x207 ./src/MCAL/NVIC/MNVIC_Program.o
 .debug_loc     0x00000c78       0xf6 ./src/MCAL/MUSART/MUSART_Program.o
 .debug_loc     0x00000d6e      0x1b0 ./src/MCAL/MRCC/MRCC_Program.o
 .debug_loc     0x00000f1e      0x175 ./src/MCAL/EXTI/MEXTI_Program.o
 .debug_loc     0x00001093      0xa7c ./src/MCAL/DIO/MGPIO_Program.o
 .debug_loc     0x00001b0f      0x275 ./src/HAL/HESP/ESP_program.o
 .debug_loc     0x00001d84       0x24 ./src/APP/FOTA.o
 .debug_loc     0x00001da8       0x2b ./src/APP/FOTA_program.o

.debug_macinfo
 *(.debug_macinfo)

.debug_weaknames
 *(.debug_weaknames)

.debug_funcnames
 *(.debug_funcnames)

.debug_typenames
 *(.debug_typenames)

.debug_varnames
 *(.debug_varnames)
OUTPUT(ITI_drivers.elf elf32-littlearm)

.debug_ranges   0x00000000      0x488
 .debug_ranges  0x00000000       0x18 ./system/src/newlib/_exit.o
 .debug_ranges  0x00000018       0x10 ./system/src/newlib/_sbrk.o
 .debug_ranges  0x00000028       0x90 ./system/src/newlib/_startup.o
 .debug_ranges  0x000000b8       0x20 ./system/src/newlib/_syscalls.o
 .debug_ranges  0x000000d8       0x28 ./system/src/diag/Trace.o
 .debug_ranges  0x00000100       0x50 ./system/src/diag/trace_impl.o
 .debug_ranges  0x00000150       0x18 ./system/src/cortexm/_initialize_hardware.o
 .debug_ranges  0x00000168       0x80 ./system/src/cortexm/exception_handlers.o
 .debug_ranges  0x000001e8       0x18 ./system/src/cmsis/system_stm32f4xx.o
 .debug_ranges  0x00000200       0x10 ./system/src/cmsis/vectors_stm32f401xc.o
 .debug_ranges  0x00000210       0x58 ./src/MCAL/STK/MSTK_Program.o
 .debug_ranges  0x00000268       0x28 ./src/MCAL/SPI/MSPI_Program.o
 .debug_ranges  0x00000290       0x40 ./src/MCAL/NVIC/MNVIC_Program.o
 .debug_ranges  0x000002d0       0x70 ./src/MCAL/MUSART/MUSART_Program.o
 .debug_ranges  0x00000340       0x20 ./src/MCAL/MRCC/MRCC_Program.o
 .debug_ranges  0x00000360       0x50 ./src/MCAL/EXTI/MEXTI_Program.o
 .debug_ranges  0x000003b0       0x60 ./src/MCAL/DIO/MGPIO_Program.o
 .debug_ranges  0x00000410       0x48 ./src/HAL/HESP/ESP_program.o
 .debug_ranges  0x00000458       0x18 ./src/APP/FOTA.o
 .debug_ranges  0x00000470       0x18 ./src/APP/FOTA_program.o

.debug_macro    0x00000000     0x394f
 .debug_macro   0x00000000      0x1b4 ./system/src/newlib/_exit.o
 .debug_macro   0x000001b4      0x10e ./system/src/newlib/_exit.o
 .debug_macro   0x000002c2       0x8d ./system/src/newlib/_exit.o
 .debug_macro   0x0000034f       0x35 ./system/src/newlib/_exit.o
 .debug_macro   0x00000384      0x169 ./system/src/newlib/_sbrk.o
 .debug_macro   0x000004ed      0x174 ./system/src/newlib/_sbrk.o
 .debug_macro   0x00000661       0x10 ./system/src/newlib/_sbrk.o
 .debug_macro   0x00000671      0x23b ./system/src/newlib/_sbrk.o
 .debug_macro   0x000008ac      0x173 ./system/src/newlib/_startup.o
 .debug_macro   0x00000a1f      0xa72 ./system/src/newlib/_startup.o
 .debug_macro   0x00001491      0x217 ./system/src/newlib/_syscalls.o
 .debug_macro   0x000016a8       0x1c ./system/src/newlib/_syscalls.o
 .debug_macro   0x000016c4       0x10 ./system/src/newlib/_syscalls.o
 .debug_macro   0x000016d4       0x10 ./system/src/newlib/_syscalls.o
 .debug_macro   0x000016e4       0x10 ./system/src/newlib/_syscalls.o
 .debug_macro   0x000016f4       0x35 ./system/src/newlib/_syscalls.o
 .debug_macro   0x00001729      0x122 ./system/src/newlib/_syscalls.o
 .debug_macro   0x0000184b       0x88 ./system/src/newlib/_syscalls.o
 .debug_macro   0x000018d3       0x2b ./system/src/newlib/_syscalls.o
 .debug_macro   0x000018fe      0x118 ./system/src/newlib/_syscalls.o
 .debug_macro   0x00001a16      0x189 ./system/src/newlib/_syscalls.o
 .debug_macro   0x00001b9f       0x16 ./system/src/newlib/_syscalls.o
 .debug_macro   0x00001bb5      0x1fb ./system/src/diag/Trace.o
 .debug_macro   0x00001db0       0x4c ./system/src/diag/Trace.o
 .debug_macro   0x00001dfc       0x16 ./system/src/diag/Trace.o
 .debug_macro   0x00001e12      0x52a ./system/src/diag/trace_impl.o
 .debug_macro   0x0000233c       0x22 ./system/src/diag/trace_impl.o
 .debug_macro   0x0000235e      0x4ee ./system/src/cortexm/_initialize_hardware.o
 .debug_macro   0x0000284c      0x557 ./system/src/cortexm/exception_handlers.o
 .debug_macro   0x00002da3       0x3b ./system/src/cortexm/exception_handlers.o
 .debug_macro   0x00002dde      0x4ea ./system/src/cmsis/system_stm32f4xx.o
 .debug_macro   0x000032c8       0x34 ./system/src/cmsis/vectors_stm32f401xc.o
 .debug_macro   0x000032fc       0x46 ./src/MCAL/STK/MSTK_Program.o
 .debug_macro   0x00003342       0x22 ./src/MCAL/STK/MSTK_Program.o
 .debug_macro   0x00003364       0x16 ./src/MCAL/STK/MSTK_Program.o
 .debug_macro   0x0000337a       0x1c ./src/MCAL/STK/MSTK_Program.o
 .debug_macro   0x00003396       0x50 ./src/MCAL/SPI/MSPI_Program.o
 .debug_macro   0x000033e6      0x14e ./src/MCAL/SPI/MSPI_Program.o
 .debug_macro   0x00003534       0x10 ./src/MCAL/SPI/MSPI_Program.o
 .debug_macro   0x00003544       0x41 ./src/MCAL/NVIC/MNVIC_Program.o
 .debug_macro   0x00003585       0x22 ./src/MCAL/NVIC/MNVIC_Program.o
 .debug_macro   0x000035a7       0x41 ./src/MCAL/MUSART/MUSART_Program.o
 .debug_macro   0x000035e8       0x16 ./src/MCAL/MUSART/MUSART_Program.o
 .debug_macro   0x000035fe       0x3f ./src/MCAL/MRCC/MRCC_Program.o
 .debug_macro   0x0000363d       0x46 ./src/MCAL/MRCC/MRCC_Program.o
 .debug_macro   0x00003683       0x88 ./src/MCAL/MRCC/MRCC_Program.o
 .debug_macro   0x0000370b       0x22 ./src/MCAL/MRCC/MRCC_Program.o
 .debug_macro   0x0000372d       0x47 ./src/MCAL/EXTI/MEXTI_Program.o
 .debug_macro   0x00003774       0x34 ./src/MCAL/EXTI/MEXTI_Program.o
 .debug_macro   0x000037a8       0x40 ./src/MCAL/DIO/MGPIO_Program.o
 .debug_macro   0x000037e8       0x2e ./src/MCAL/DIO/MGPIO_Program.o
 .debug_macro   0x00003816       0x41 ./src/HAL/HESP/ESP_program.o
 .debug_macro   0x00003857       0x87 ./src/APP/FOTA.o
 .debug_macro   0x000038de       0x71 ./src/APP/FOTA_program.o
